nohup: 忽略输入
/home/vicuna/anaconda3/lib/python3.11/site-packages/pandas/core/arrays/masked.py:60: UserWarning: Pandas requires version '1.3.6' or newer of 'bottleneck' (version '1.3.5' currently installed).
  from pandas.core import (

================================================================================
EXPERIMENT 1: FEASIBILITY TEST
================================================================================

Research Question:
  Do attention heads generate massive activations?

Method:
  1. Run baseline (no pruning)
  2. Run with all 144 attention heads disabled
  3. Compare activation magnitudes

================================================================================

🔵 PHASE 1: Running Baseline Experiment

================================================================================
Running Experiment: BASELINE
================================================================================

loading model llama2_13b
`torch_dtype` is deprecated! Use `dtype` instead!
Loading checkpoint shards:   0%|          | 0/3 [00:00<?, ?it/s]Loading checkpoint shards:  33%|███▎      | 1/3 [00:03<00:06,  3.05s/it]Loading checkpoint shards:  67%|██████▋   | 2/3 [00:06<00:03,  3.20s/it]Loading checkpoint shards: 100%|██████████| 3/3 [00:08<00:00,  2.65s/it]Loading checkpoint shards: 100%|██████████| 3/3 [00:08<00:00,  2.78s/it]
Enabling feature capture for all layers...

Loading dataset...
Failed to load RedPajama dataset (Couldn't reach 'togethercomputer/RedPajama-Data-1T-Sample' on the Hub (LocalEntryNotFoundError)), using wikitext instead
Using the latest cached version of the dataset since wikitext couldn't be found on the Hugging Face Hub
Found the latest cached dataset configuration 'wikitext-2-raw-v1' at /mnt/d5f4cfb6-8afe-40a4-8650-2965046cd208/hf_cache/datasets/wikitext/wikitext-2-raw-v1/0.0.0/b08601e04326c79dfdd32d625aee71d232d685c3 (last modified on Sun Nov 23 01:08:19 2025).

Processing 30 samples...
Processing (baseline):   0%|          | 0/30 [00:00<?, ?it/s]Before input_layernorm: type=<class 'torch.Tensor'>, shape=torch.Size([1, 4096, 5120])
/home/vicuna/anaconda3/lib/python3.11/site-packages/torch/nn/modules/module.py:1762: FutureWarning: Both `past_key_value` and `past_key_values` are set for `LlamaAttention.forward`. Using `past_key_values=DynamicCache(layers=[DynamicLayer, DynamicLayer, DynamicLayer, DynamicLayer, DynamicLayer, DynamicLayer, DynamicLayer, DynamicLayer, DynamicLayer, DynamicLayer, DynamicLayer, DynamicLayer, DynamicLayer, DynamicLayer, DynamicLayer, DynamicLayer, DynamicLayer, DynamicLayer, DynamicLayer, DynamicLayer, DynamicLayer, DynamicLayer, DynamicLayer, DynamicLayer, DynamicLayer, DynamicLayer, DynamicLayer, DynamicLayer, DynamicLayer, DynamicLayer, DynamicLayer, DynamicLayer, DynamicLayer, DynamicLayer, DynamicLayer, DynamicLayer, DynamicLayer, DynamicLayer, DynamicLayer, DynamicLayer])` and ignoring deprecated `past_key_value=None`.
  return forward_call(*args, **kwargs)
Before input_layernorm: type=<class 'torch.Tensor'>, shape=torch.Size([1, 4096, 5120])
Before input_layernorm: type=<class 'torch.Tensor'>, shape=torch.Size([1, 4096, 5120])
Before input_layernorm: type=<class 'torch.Tensor'>, shape=torch.Size([1, 4096, 5120])
Before input_layernorm: type=<class 'torch.Tensor'>, shape=torch.Size([1, 4096, 5120])
Before input_layernorm: type=<class 'torch.Tensor'>, shape=torch.Size([1, 4096, 5120])
Before input_layernorm: type=<class 'torch.Tensor'>, shape=torch.Size([1, 4096, 5120])
Before input_layernorm: type=<class 'torch.Tensor'>, shape=torch.Size([1, 4096, 5120])
Before input_layernorm: type=<class 'torch.Tensor'>, shape=torch.Size([1, 4096, 5120])
Before input_layernorm: type=<class 'torch.Tensor'>, shape=torch.Size([1, 4096, 5120])
Before input_layernorm: type=<class 'torch.Tensor'>, shape=torch.Size([1, 4096, 5120])
Before input_layernorm: type=<class 'torch.Tensor'>, shape=torch.Size([1, 4096, 5120])
Before input_layernorm: type=<class 'torch.Tensor'>, shape=torch.Size([1, 4096, 5120])
Before input_layernorm: type=<class 'torch.Tensor'>, shape=torch.Size([1, 4096, 5120])
Before input_layernorm: type=<class 'torch.Tensor'>, shape=torch.Size([1, 4096, 5120])
Before input_layernorm: type=<class 'torch.Tensor'>, shape=torch.Size([1, 4096, 5120])
Before input_layernorm: type=<class 'torch.Tensor'>, shape=torch.Size([1, 4096, 5120])
Before input_layernorm: type=<class 'torch.Tensor'>, shape=torch.Size([1, 4096, 5120])
Before input_layernorm: type=<class 'torch.Tensor'>, shape=torch.Size([1, 4096, 5120])
Before input_layernorm: type=<class 'torch.Tensor'>, shape=torch.Size([1, 4096, 5120])
Before input_layernorm: type=<class 'torch.Tensor'>, shape=torch.Size([1, 4096, 5120])
Before input_layernorm: type=<class 'torch.Tensor'>, shape=torch.Size([1, 4096, 5120])
Before input_layernorm: type=<class 'torch.Tensor'>, shape=torch.Size([1, 4096, 5120])
Before input_layernorm: type=<class 'torch.Tensor'>, shape=torch.Size([1, 4096, 5120])
Before input_layernorm: type=<class 'torch.Tensor'>, shape=torch.Size([1, 4096, 5120])
Before input_layernorm: type=<class 'torch.Tensor'>, shape=torch.Size([1, 4096, 5120])
Before input_layernorm: type=<class 'torch.Tensor'>, shape=torch.Size([1, 4096, 5120])
Before input_layernorm: type=<class 'torch.Tensor'>, shape=torch.Size([1, 4096, 5120])
Before input_layernorm: type=<class 'torch.Tensor'>, shape=torch.Size([1, 4096, 5120])
Before input_layernorm: type=<class 'torch.Tensor'>, shape=torch.Size([1, 4096, 5120])
Before input_layernorm: type=<class 'torch.Tensor'>, shape=torch.Size([1, 4096, 5120])
Before input_layernorm: type=<class 'torch.Tensor'>, shape=torch.Size([1, 4096, 5120])
Before input_layernorm: type=<class 'torch.Tensor'>, shape=torch.Size([1, 4096, 5120])
Before input_layernorm: type=<class 'torch.Tensor'>, shape=torch.Size([1, 4096, 5120])
Before input_layernorm: type=<class 'torch.Tensor'>, shape=torch.Size([1, 4096, 5120])
Before input_layernorm: type=<class 'torch.Tensor'>, shape=torch.Size([1, 4096, 5120])
Before input_layernorm: type=<class 'torch.Tensor'>, shape=torch.Size([1, 4096, 5120])
Before input_layernorm: type=<class 'torch.Tensor'>, shape=torch.Size([1, 4096, 5120])
Before input_layernorm: type=<class 'torch.Tensor'>, shape=torch.Size([1, 4096, 5120])
Before input_layernorm: type=<class 'torch.Tensor'>, shape=torch.Size([1, 4096, 5120])
