nohup: 忽略输入
/home/vicuna/anaconda3/lib/python3.11/site-packages/pandas/core/arrays/masked.py:60: UserWarning: Pandas requires version '1.3.6' or newer of 'bottleneck' (version '1.3.5' currently installed).
  from pandas.core import (

================================================================================
EXPERIMENT 4B: LAYER 3 ATTENTION SVD ALIGNMENT
================================================================================

Research Question:
  Do the right singular vectors of Layer 3 attention weights
  align with massive activation directions?

================================================================================

================================================================================
COLLECTING LAYER 3 ACTIVATIONS
================================================================================
loading model llama2_13b
`torch_dtype` is deprecated! Use `dtype` instead!
Loading checkpoint shards:   0%|          | 0/3 [00:00<?, ?it/s]Loading checkpoint shards:  33%|███▎      | 1/3 [00:03<00:06,  3.17s/it]Loading checkpoint shards:  67%|██████▋   | 2/3 [00:06<00:03,  3.12s/it]Loading checkpoint shards: 100%|██████████| 3/3 [00:08<00:00,  2.56s/it]Loading checkpoint shards: 100%|██████████| 3/3 [00:08<00:00,  2.72s/it]
Failed to load RedPajama dataset (Dataset 'togethercomputer/RedPajama-Data-1T-Sample' doesn't exist on the Hub or cannot be accessed.), using wikitext instead

Processing 10 samples...
Layer 3:   0%|          | 0/10 [00:00<?, ?it/s]Before input_layernorm: type=<class 'torch.Tensor'>, shape=torch.Size([1, 4096, 5120])
/home/vicuna/anaconda3/lib/python3.11/site-packages/torch/nn/modules/module.py:1762: FutureWarning: Both `past_key_value` and `past_key_values` are set for `LlamaAttention.forward`. Using `past_key_values=DynamicCache(layers=[DynamicLayer, DynamicLayer, DynamicLayer, DynamicLayer, DynamicLayer, DynamicLayer, DynamicLayer, DynamicLayer, DynamicLayer, DynamicLayer, DynamicLayer, DynamicLayer, DynamicLayer, DynamicLayer, DynamicLayer, DynamicLayer, DynamicLayer, DynamicLayer, DynamicLayer, DynamicLayer, DynamicLayer, DynamicLayer, DynamicLayer, DynamicLayer, DynamicLayer, DynamicLayer, DynamicLayer, DynamicLayer, DynamicLayer, DynamicLayer, DynamicLayer, DynamicLayer, DynamicLayer, DynamicLayer, DynamicLayer, DynamicLayer, DynamicLayer, DynamicLayer, DynamicLayer, DynamicLayer])` and ignoring deprecated `past_key_value=None`.
  return forward_call(*args, **kwargs)
Layer 3:  10%|█         | 1/10 [00:01<00:11,  1.25s/it]Before input_layernorm: type=<class 'torch.Tensor'>, shape=torch.Size([1, 4096, 5120])
Layer 3:  20%|██        | 2/10 [00:02<00:09,  1.23s/it]Before input_layernorm: type=<class 'torch.Tensor'>, shape=torch.Size([1, 4096, 5120])
Layer 3:  30%|███       | 3/10 [00:03<00:08,  1.24s/it]Before input_layernorm: type=<class 'torch.Tensor'>, shape=torch.Size([1, 4096, 5120])
Layer 3:  40%|████      | 4/10 [00:04<00:07,  1.24s/it]Before input_layernorm: type=<class 'torch.Tensor'>, shape=torch.Size([1, 4096, 5120])
Layer 3:  50%|█████     | 5/10 [00:06<00:06,  1.25s/it]Before input_layernorm: type=<class 'torch.Tensor'>, shape=torch.Size([1, 4096, 5120])
Layer 3:  60%|██████    | 6/10 [00:07<00:04,  1.24s/it]Before input_layernorm: type=<class 'torch.Tensor'>, shape=torch.Size([1, 4096, 5120])
Layer 3:  70%|███████   | 7/10 [00:08<00:03,  1.25s/it]Before input_layernorm: type=<class 'torch.Tensor'>, shape=torch.Size([1, 4096, 5120])
Layer 3:  80%|████████  | 8/10 [00:09<00:02,  1.25s/it]Before input_layernorm: type=<class 'torch.Tensor'>, shape=torch.Size([1, 4096, 5120])
Layer 3:  90%|█████████ | 9/10 [00:11<00:01,  1.25s/it]Before input_layernorm: type=<class 'torch.Tensor'>, shape=torch.Size([1, 4096, 5120])
Layer 3: 100%|██████████| 10/10 [00:12<00:00,  1.25s/it]Layer 3: 100%|██████████| 10/10 [00:12<00:00,  1.25s/it]

================================================================================
Computing SVD for Layer 3 Attention Weights
================================================================================
Q projection shape: (5120, 5120)
  Top 5 singular values: [18.967352 13.070293 11.579622 11.25012  10.560285]
  σ₁/σ₂ ratio: 1.4512

K projection shape: (5120, 5120)
  Top 5 singular values: [19.212109  11.741494  11.1610155 10.795951  10.303938 ]
  σ₁/σ₂ ratio: 1.6363

V projection shape: (5120, 5120)
  Top 5 singular values: [3.7310138 3.6477969 3.4679515 3.4430819 3.4081154]
  σ₁/σ₂ ratio: 1.0228

O projection shape: (5120, 5120)
  Top 5 singular values: [7.766227  5.659354  3.2190201 3.2027798 3.166189 ]
  σ₁/σ₂ ratio: 1.3723

================================================================================
ANALYZING ATTENTION SVD ALIGNMENT FOR LAYER 3
================================================================================

Mean output activation norm: 1426.35
Max activation value (avg): 1223.30

--------------------------------------------------------------------------------
Analyzing q_proj
--------------------------------------------------------------------------------

Top 5 aligned components for q_proj:
Rank   Component    Singular Val    Cosine Sim      |Cosine|       
--------------------------------------------------------------------------------
1      1            13.0703         -0.3480         0.3480         
2      0            18.9674         0.2183          0.2183         
3      7            10.1228         -0.1061         0.1061         
4      4            10.5603         0.0941          0.0941         
5      6            10.2576         -0.0870         0.0870         

--------------------------------------------------------------------------------
Analyzing k_proj
--------------------------------------------------------------------------------

Top 5 aligned components for k_proj:
Rank   Component    Singular Val    Cosine Sim      |Cosine|       
--------------------------------------------------------------------------------
1      0            19.2121         0.1259          0.1259         
2      15           8.4801          -0.1028         0.1028         
3      7            9.6509          0.1010          0.1010         
4      8            9.5186          0.0540          0.0540         
5      6            9.9013          0.0520          0.0520         

--------------------------------------------------------------------------------
Analyzing v_proj
--------------------------------------------------------------------------------

Top 5 aligned components for v_proj:
Rank   Component    Singular Val    Cosine Sim      |Cosine|       
--------------------------------------------------------------------------------
1      0            3.7310          -0.0288         0.0288         
2      2            3.4680          0.0054          0.0054         
3      12           2.9923          -0.0051         0.0051         
4      6            3.1885          -0.0046         0.0046         
5      16           2.8888          -0.0039         0.0039         

--------------------------------------------------------------------------------
Analyzing o_proj
--------------------------------------------------------------------------------

Top 5 aligned components for o_proj:
Rank   Component    Singular Val    Cosine Sim      |Cosine|       
--------------------------------------------------------------------------------
1      3            3.2028          0.0142          0.0142         
2      6            3.0438          -0.0131         0.0131         
3      8            2.9569          -0.0128         0.0128         
4      5            3.1267          -0.0115         0.0115         
5      9            2.9168          -0.0112         0.0112         

💾 Saving results...

================================================================================
GENERATING VISUALIZATIONS
================================================================================
✅ Saved: layer3_singular_values.png
✅ Saved: layer3_alignment_comparison.png

================================================================================
GENERATING SUMMARY REPORT
================================================================================
================================================================================
EXPERIMENT 4B: LAYER 3 ATTENTION SVD ALIGNMENT - SUMMARY
================================================================================

RESEARCH QUESTION:
  Do the right singular vectors of Layer 3 attention weight matrices
  align with the direction of massive activations?

================================================================================
SINGULAR VALUE ANALYSIS
================================================================================

Q_PROJ:
  σ₁ (largest): 18.9674
  σ₂: 13.0703
  σ₃: 11.5796
  σ₁/σ₂ ratio: 1.4512×
  ⚠ No dominant singular direction

K_PROJ:
  σ₁ (largest): 19.2121
  σ₂: 11.7415
  σ₃: 11.1610
  σ₁/σ₂ ratio: 1.6363×
  ⚠ No dominant singular direction

V_PROJ:
  σ₁ (largest): 3.7310
  σ₂: 3.6478
  σ₃: 3.4680
  σ₁/σ₂ ratio: 1.0228×
  ⚠ No dominant singular direction

O_PROJ:
  σ₁ (largest): 7.7662
  σ₂: 5.6594
  σ₃: 3.2190
  σ₁/σ₂ ratio: 1.3723×
  ⚠ No dominant singular direction

================================================================================
ALIGNMENT ANALYSIS
================================================================================

Q_PROJ:
  Best alignment:
    Component: 1
    Cosine similarity: -0.3480
    |Cosine similarity|: 0.3480
    Singular value: 13.0703
  Mean alignment (top 20 components): 0.0649
  ⚠️ MODERATE ALIGNMENT

K_PROJ:
  Best alignment:
    Component: 0
    Cosine similarity: 0.1259
    |Cosine similarity|: 0.1259
    Singular value: 19.2121
  Mean alignment (top 20 components): 0.0402
  ❌ WEAK ALIGNMENT

V_PROJ:
  Best alignment:
    Component: 0
    Cosine similarity: -0.0288
    |Cosine similarity|: 0.0288
    Singular value: 3.7310
  Mean alignment (top 20 components): 0.0037
  ❌ WEAK ALIGNMENT

O_PROJ:
  Best alignment:
    Component: 3
    Cosine similarity: 0.0142
    |Cosine similarity|: 0.0142
    Singular value: 3.2028
  Mean alignment (top 20 components): 0.0065
  ❌ WEAK ALIGNMENT

================================================================================
CONCLUSION
================================================================================

⚠️ MODERATE ALIGNMENT
  Maximum alignment: 0.3480
  Some alignment detected, but not as strong as GPT-2.

================================================================================

✅ Summary saved!

================================================================================
✅ EXPERIMENT 4B COMPLETE
================================================================================

Results saved to: results/exp4b_layer3_attention/
================================================================================
