nohup: 忽略输入
/home/vicuna/anaconda3/lib/python3.11/site-packages/pandas/core/arrays/masked.py:60: UserWarning: Pandas requires version '1.3.6' or newer of 'bottleneck' (version '1.3.5' currently installed).
  from pandas.core import (

================================================================================
EXPERIMENT 5: MLP SVD ALIGNMENT - OPT_125M
================================================================================

Loading model...
loading model opt_125m
`torch_dtype` is deprecated! Use `dtype` instead!
  Model: opt_125m
  Layers: 12
  Hidden size: 768

================================================================================
FINDING CRITICAL LAYER
================================================================================
Failed to load RedPajama dataset (Dataset 'togethercomputer/RedPajama-Data-1T-Sample' doesn't exist on the Hub or cannot be accessed.), using wikitext instead
Scanning layers:   0%|          | 0/5 [00:00<?, ?it/s]Before self_attn: type=<class 'torch.Tensor'>, shape=torch.Size([1, 2048, 768])
/home/vicuna/anaconda3/lib/python3.11/site-packages/torch/nn/modules/module.py:1762: FutureWarning: `past_key_value` is deprecated and will be removed in version 4.58 for `OPTAttention.forward`. Use `past_key_values` instead.
  return forward_call(*args, **kwargs)
Before self_attn: type=<class 'torch.Tensor'>, shape=torch.Size([1, 2048, 768])
Before self_attn: type=<class 'torch.Tensor'>, shape=torch.Size([1, 2048, 768])
Before self_attn: type=<class 'torch.Tensor'>, shape=torch.Size([1, 2048, 768])
Before self_attn: type=<class 'torch.Tensor'>, shape=torch.Size([1, 2048, 768])
Before self_attn: type=<class 'torch.Tensor'>, shape=torch.Size([1, 2048, 768])
Before self_attn: type=<class 'torch.Tensor'>, shape=torch.Size([1, 2048, 768])
Before self_attn: type=<class 'torch.Tensor'>, shape=torch.Size([1, 2048, 768])
Before self_attn: type=<class 'torch.Tensor'>, shape=torch.Size([1, 2048, 768])
Before self_attn: type=<class 'torch.Tensor'>, shape=torch.Size([1, 2048, 768])
Before self_attn: type=<class 'torch.Tensor'>, shape=torch.Size([1, 2048, 768])
Before self_attn: type=<class 'torch.Tensor'>, shape=torch.Size([1, 2048, 768])
Scanning layers:  20%|██        | 1/5 [00:00<00:02,  1.50it/s]Before self_attn: type=<class 'torch.Tensor'>, shape=torch.Size([1, 2048, 768])
Before self_attn: type=<class 'torch.Tensor'>, shape=torch.Size([1, 2048, 768])
Before self_attn: type=<class 'torch.Tensor'>, shape=torch.Size([1, 2048, 768])
Before self_attn: type=<class 'torch.Tensor'>, shape=torch.Size([1, 2048, 768])
Before self_attn: type=<class 'torch.Tensor'>, shape=torch.Size([1, 2048, 768])
Before self_attn: type=<class 'torch.Tensor'>, shape=torch.Size([1, 2048, 768])
Before self_attn: type=<class 'torch.Tensor'>, shape=torch.Size([1, 2048, 768])
Before self_attn: type=<class 'torch.Tensor'>, shape=torch.Size([1, 2048, 768])
Before self_attn: type=<class 'torch.Tensor'>, shape=torch.Size([1, 2048, 768])
Before self_attn: type=<class 'torch.Tensor'>, shape=torch.Size([1, 2048, 768])
Before self_attn: type=<class 'torch.Tensor'>, shape=torch.Size([1, 2048, 768])
Before self_attn: type=<class 'torch.Tensor'>, shape=torch.Size([1, 2048, 768])
Before self_attn: type=<class 'torch.Tensor'>, shape=torch.Size([1, 2048, 768])
Before self_attn: type=<class 'torch.Tensor'>, shape=torch.Size([1, 2048, 768])
Before self_attn: type=<class 'torch.Tensor'>, shape=torch.Size([1, 2048, 768])
Before self_attn: type=<class 'torch.Tensor'>, shape=torch.Size([1, 2048, 768])
Before self_attn: type=<class 'torch.Tensor'>, shape=torch.Size([1, 2048, 768])
Before self_attn: type=<class 'torch.Tensor'>, shape=torch.Size([1, 2048, 768])
Before self_attn: type=<class 'torch.Tensor'>, shape=torch.Size([1, 2048, 768])
Before self_attn: type=<class 'torch.Tensor'>, shape=torch.Size([1, 2048, 768])
Before self_attn: type=<class 'torch.Tensor'>, shape=torch.Size([1, 2048, 768])
Before self_attn: type=<class 'torch.Tensor'>, shape=torch.Size([1, 2048, 768])
Before self_attn: type=<class 'torch.Tensor'>, shape=torch.Size([1, 2048, 768])
Before self_attn: type=<class 'torch.Tensor'>, shape=torch.Size([1, 2048, 768])
Scanning layers:  60%|██████    | 3/5 [00:00<00:00,  4.61it/s]Before self_attn: type=<class 'torch.Tensor'>, shape=torch.Size([1, 2048, 768])
Before self_attn: type=<class 'torch.Tensor'>, shape=torch.Size([1, 2048, 768])
Before self_attn: type=<class 'torch.Tensor'>, shape=torch.Size([1, 2048, 768])
Before self_attn: type=<class 'torch.Tensor'>, shape=torch.Size([1, 2048, 768])
Before self_attn: type=<class 'torch.Tensor'>, shape=torch.Size([1, 2048, 768])
Before self_attn: type=<class 'torch.Tensor'>, shape=torch.Size([1, 2048, 768])
Before self_attn: type=<class 'torch.Tensor'>, shape=torch.Size([1, 2048, 768])
Before self_attn: type=<class 'torch.Tensor'>, shape=torch.Size([1, 2048, 768])
Before self_attn: type=<class 'torch.Tensor'>, shape=torch.Size([1, 2048, 768])
Before self_attn: type=<class 'torch.Tensor'>, shape=torch.Size([1, 2048, 768])
Before self_attn: type=<class 'torch.Tensor'>, shape=torch.Size([1, 2048, 768])
Before self_attn: type=<class 'torch.Tensor'>, shape=torch.Size([1, 2048, 768])
Before self_attn: type=<class 'torch.Tensor'>, shape=torch.Size([1, 2048, 768])
Before self_attn: type=<class 'torch.Tensor'>, shape=torch.Size([1, 2048, 768])
Before self_attn: type=<class 'torch.Tensor'>, shape=torch.Size([1, 2048, 768])
Before self_attn: type=<class 'torch.Tensor'>, shape=torch.Size([1, 2048, 768])
Before self_attn: type=<class 'torch.Tensor'>, shape=torch.Size([1, 2048, 768])
Before self_attn: type=<class 'torch.Tensor'>, shape=torch.Size([1, 2048, 768])
Before self_attn: type=<class 'torch.Tensor'>, shape=torch.Size([1, 2048, 768])
Before self_attn: type=<class 'torch.Tensor'>, shape=torch.Size([1, 2048, 768])
Before self_attn: type=<class 'torch.Tensor'>, shape=torch.Size([1, 2048, 768])
Before self_attn: type=<class 'torch.Tensor'>, shape=torch.Size([1, 2048, 768])
Before self_attn: type=<class 'torch.Tensor'>, shape=torch.Size([1, 2048, 768])
Before self_attn: type=<class 'torch.Tensor'>, shape=torch.Size([1, 2048, 768])
Scanning layers: 100%|██████████| 5/5 [00:00<00:00,  7.42it/s]Scanning layers: 100%|██████████| 5/5 [00:00<00:00,  5.56it/s]

Layer activation statistics:
  Layer 0: 135.70
  Layer 1: 185.80
  Layer 2: 323.80
  Layer 3: 354.45
  Layer 4: 385.65
  Layer 5: 387.65
  Layer 6: 389.90
  Layer 7: 392.40
  Layer 8: 392.40
  Layer 9: 392.40

✅ Critical layer identified: Layer 2
   Mean max activation: 323.80

================================================================================
ANALYZING LAYER 2 MLP SVD ALIGNMENT
================================================================================

Computing SVD of down_proj...
  ❌ No MLP down_proj found!

❌ Analysis failed!
