
================================================================================
EXPERIMENT 3: SVD ALIGNMENT ANALYSIS - LAYER 1
================================================================================

Research Question:
  Where exactly in the MLP are massive activations generated?

Method:
  1. SVD decomposition of W₂ matrix
  2. Compute token alignment with principal direction v₁
  3. Compare function words vs content words
  4. Regression: alignment → massive activation

================================================================================

Loading model opt_6.7b...
loading model opt_6.7b
  → using dtype=float16 (default)
`torch_dtype` is deprecated! Use `dtype` instead!
Loading weights:   0%|          | 0/516 [00:00<?, ?it/s]Loading weights:   4%|▍         | 22/516 [00:00<00:02, 207.16it/s]Loading weights:  10%|▉         | 50/516 [00:00<00:01, 248.42it/s]Loading weights:  15%|█▍        | 75/516 [00:00<00:01, 244.82it/s]Loading weights:  20%|█▉        | 102/516 [00:00<00:01, 253.80it/s]Loading weights:  25%|██▌       | 130/516 [00:00<00:01, 261.01it/s]Loading weights:  30%|███       | 157/516 [00:00<00:01, 250.61it/s]Loading weights:  36%|███▌      | 184/516 [00:00<00:01, 240.42it/s]Loading weights:  41%|████▏     | 214/516 [00:00<00:01, 255.72it/s]Loading weights:  48%|████▊     | 246/516 [00:00<00:01, 261.12it/s]Loading weights:  53%|█████▎    | 274/516 [00:01<00:00, 264.44it/s]Loading weights:  58%|█████▊    | 301/516 [00:01<00:00, 254.90it/s]Loading weights:  63%|██████▎   | 327/516 [00:01<00:00, 254.58it/s]Loading weights:  68%|██████▊   | 353/516 [00:01<00:00, 253.06it/s]Loading weights:  73%|███████▎  | 379/516 [00:01<00:00, 249.62it/s]Loading weights:  79%|███████▊  | 406/516 [00:01<00:00, 250.10it/s]Loading weights:  84%|████████▎ | 432/516 [00:01<00:00, 248.51it/s]Loading weights:  89%|████████▉ | 460/516 [00:01<00:00, 254.06it/s]Loading weights:  95%|█████████▍| 488/516 [00:01<00:00, 252.74it/s]Loading weights: 100%|██████████| 516/516 [00:02<00:00, 256.03it/s]
Exception in thread Thread-auto_conversion:
Traceback (most recent call last):
  File "/usr/local/miniconda3/envs/py312/lib/python3.12/site-packages/httpx/_transports/default.py", line 101, in map_httpcore_exceptions
    yield
  File "/usr/local/miniconda3/envs/py312/lib/python3.12/site-packages/httpx/_transports/default.py", line 250, in handle_request
    resp = self._pool.handle_request(req)
           ^^^^^^^^^^^^^^^^^^^^^^^^^^^^^^
  File "/usr/local/miniconda3/envs/py312/lib/python3.12/site-packages/httpcore/_sync/connection_pool.py", line 256, in handle_request
    raise exc from None
  File "/usr/local/miniconda3/envs/py312/lib/python3.12/site-packages/httpcore/_sync/connection_pool.py", line 236, in handle_request
    response = connection.handle_request(
               ^^^^^^^^^^^^^^^^^^^^^^^^^^
  File "/usr/local/miniconda3/envs/py312/lib/python3.12/site-packages/httpcore/_sync/connection.py", line 101, in handle_request
    raise exc
  File "/usr/local/miniconda3/envs/py312/lib/python3.12/site-packages/httpcore/_sync/connection.py", line 78, in handle_request
    stream = self._connect(request)
             ^^^^^^^^^^^^^^^^^^^^^^
  File "/usr/local/miniconda3/envs/py312/lib/python3.12/site-packages/httpcore/_sync/connection.py", line 124, in _connect
    stream = self._network_backend.connect_tcp(**kwargs)
             ^^^^^^^^^^^^^^^^^^^^^^^^^^^^^^^^^^^^^^^^^^^
  File "/usr/local/miniconda3/envs/py312/lib/python3.12/site-packages/httpcore/_backends/sync.py", line 207, in connect_tcp
    with map_exceptions(exc_map):
         ^^^^^^^^^^^^^^^^^^^^^^^
  File "/usr/local/miniconda3/envs/py312/lib/python3.12/contextlib.py", line 158, in __exit__
    self.gen.throw(value)
  File "/usr/local/miniconda3/envs/py312/lib/python3.12/site-packages/httpcore/_exceptions.py", line 14, in map_exceptions
    raise to_exc(exc) from exc
httpcore.ConnectTimeout: [Errno 110] Connection timed out

The above exception was the direct cause of the following exception:

Traceback (most recent call last):
  File "/usr/local/miniconda3/envs/py312/lib/python3.12/threading.py", line 1075, in _bootstrap_inner
    self.run()
  File "/usr/local/miniconda3/envs/py312/lib/python3.12/threading.py", line 1012, in run
    self._target(*self._args, **self._kwargs)
  File "/usr/local/miniconda3/envs/py312/lib/python3.12/site-packages/transformers/safetensors_conversion.py", line 117, in auto_conversion
    raise e
  File "/usr/local/miniconda3/envs/py312/lib/python3.12/site-packages/transformers/safetensors_conversion.py", line 96, in auto_conversion
    sha = get_conversion_pr_reference(api, pretrained_model_name_or_path, **cached_file_kwargs)
          ^^^^^^^^^^^^^^^^^^^^^^^^^^^^^^^^^^^^^^^^^^^^^^^^^^^^^^^^^^^^^^^^^^^^^^^^^^^^^^^^^^^^^
  File "/usr/local/miniconda3/envs/py312/lib/python3.12/site-packages/transformers/safetensors_conversion.py", line 60, in get_conversion_pr_reference
    private = api.model_info(model_id).private
              ^^^^^^^^^^^^^^^^^^^^^^^^
  File "/usr/local/miniconda3/envs/py312/lib/python3.12/site-packages/huggingface_hub/utils/_validators.py", line 88, in _inner_fn
    return fn(*args, **kwargs)
           ^^^^^^^^^^^^^^^^^^^
  File "/usr/local/miniconda3/envs/py312/lib/python3.12/site-packages/huggingface_hub/hf_api.py", line 3145, in model_info
    r = get_session().get(path, headers=headers, timeout=timeout, params=params)
        ^^^^^^^^^^^^^^^^^^^^^^^^^^^^^^^^^^^^^^^^^^^^^^^^^^^^^^^^^^^^^^^^^^^^^^^^
  File "/usr/local/miniconda3/envs/py312/lib/python3.12/site-packages/httpx/_client.py", line 1053, in get
    return self.request(
           ^^^^^^^^^^^^^
  File "/usr/local/miniconda3/envs/py312/lib/python3.12/site-packages/httpx/_client.py", line 825, in request
    return self.send(request, auth=auth, follow_redirects=follow_redirects)
           ^^^^^^^^^^^^^^^^^^^^^^^^^^^^^^^^^^^^^^^^^^^^^^^^^^^^^^^^^^^^^^^^
  File "/usr/local/miniconda3/envs/py312/lib/python3.12/site-packages/httpx/_client.py", line 914, in send
    response = self._send_handling_auth(
               ^^^^^^^^^^^^^^^^^^^^^^^^^
  File "/usr/local/miniconda3/envs/py312/lib/python3.12/site-packages/httpx/_client.py", line 942, in _send_handling_auth
    response = self._send_handling_redirects(
               ^^^^^^^^^^^^^^^^^^^^^^^^^^^^^^
  File "/usr/local/miniconda3/envs/py312/lib/python3.12/site-packages/httpx/_client.py", line 979, in _send_handling_redirects
    response = self._send_single_request(request)
               ^^^^^^^^^^^^^^^^^^^^^^^^^^^^^^^^^^
  File "/usr/local/miniconda3/envs/py312/lib/python3.12/site-packages/httpx/_client.py", line 1014, in _send_single_request
    response = transport.handle_request(request)
               ^^^^^^^^^^^^^^^^^^^^^^^^^^^^^^^^^
  File "/usr/local/miniconda3/envs/py312/lib/python3.12/site-packages/httpx/_transports/default.py", line 249, in handle_request
    with map_httpcore_exceptions():
         ^^^^^^^^^^^^^^^^^^^^^^^^^
  File "/usr/local/miniconda3/envs/py312/lib/python3.12/contextlib.py", line 158, in __exit__
    self.gen.throw(value)
  File "/usr/local/miniconda3/envs/py312/lib/python3.12/site-packages/httpx/_transports/default.py", line 118, in map_httpcore_exceptions
    raise mapped_exc(message) from exc
httpx.ConnectTimeout: [Errno 110] Connection timed out
Traceback (most recent call last):
  File "/usr/local/miniconda3/envs/py312/lib/python3.12/site-packages/httpx/_transports/default.py", line 101, in map_httpcore_exceptions
    yield
  File "/usr/local/miniconda3/envs/py312/lib/python3.12/site-packages/httpx/_transports/default.py", line 250, in handle_request
    resp = self._pool.handle_request(req)
           ^^^^^^^^^^^^^^^^^^^^^^^^^^^^^^
  File "/usr/local/miniconda3/envs/py312/lib/python3.12/site-packages/httpcore/_sync/connection_pool.py", line 256, in handle_request
    raise exc from None
  File "/usr/local/miniconda3/envs/py312/lib/python3.12/site-packages/httpcore/_sync/connection_pool.py", line 236, in handle_request
    response = connection.handle_request(
               ^^^^^^^^^^^^^^^^^^^^^^^^^^
  File "/usr/local/miniconda3/envs/py312/lib/python3.12/site-packages/httpcore/_sync/connection.py", line 101, in handle_request
    raise exc
  File "/usr/local/miniconda3/envs/py312/lib/python3.12/site-packages/httpcore/_sync/connection.py", line 78, in handle_request
    stream = self._connect(request)
             ^^^^^^^^^^^^^^^^^^^^^^
  File "/usr/local/miniconda3/envs/py312/lib/python3.12/site-packages/httpcore/_sync/connection.py", line 124, in _connect
    stream = self._network_backend.connect_tcp(**kwargs)
             ^^^^^^^^^^^^^^^^^^^^^^^^^^^^^^^^^^^^^^^^^^^
  File "/usr/local/miniconda3/envs/py312/lib/python3.12/site-packages/httpcore/_backends/sync.py", line 207, in connect_tcp
    with map_exceptions(exc_map):
         ^^^^^^^^^^^^^^^^^^^^^^^
  File "/usr/local/miniconda3/envs/py312/lib/python3.12/contextlib.py", line 158, in __exit__
    self.gen.throw(value)
  File "/usr/local/miniconda3/envs/py312/lib/python3.12/site-packages/httpcore/_exceptions.py", line 14, in map_exceptions
    raise to_exc(exc) from exc
httpcore.ConnectTimeout: [Errno 110] Connection timed out

The above exception was the direct cause of the following exception:

Traceback (most recent call last):
  File "/root/changeHead_massvieAcitve/paper_experiments/RQ4_svd_alignment/exp3_multi_v.py", line 1067, in <module>
    main()
  File "/root/changeHead_massvieAcitve/paper_experiments/RQ4_svd_alignment/exp3_multi_v.py", line 987, in main
    model, tokenizer, device, layers, hidden_size, seq_len = lib.load_llm(args)
                                                             ^^^^^^^^^^^^^^^^^^
  File "/root/changeHead_massvieAcitve/paper_experiments/RQ4_svd_alignment/../lib/load_model.py", line 113, in load_llm
    tokenizer = AutoTokenizer.from_pretrained(model_name, use_fast=False, **tok_kwargs)
                ^^^^^^^^^^^^^^^^^^^^^^^^^^^^^^^^^^^^^^^^^^^^^^^^^^^^^^^^^^^^^^^^^^^^^^^
  File "/usr/local/miniconda3/envs/py312/lib/python3.12/site-packages/transformers/models/auto/tokenization_auto.py", line 816, in from_pretrained
    return tokenizer_class.from_pretrained(pretrained_model_name_or_path, *inputs, **kwargs)
           ^^^^^^^^^^^^^^^^^^^^^^^^^^^^^^^^^^^^^^^^^^^^^^^^^^^^^^^^^^^^^^^^^^^^^^^^^^^^^^^^^
  File "/usr/local/miniconda3/envs/py312/lib/python3.12/site-packages/transformers/tokenization_utils_base.py", line 1658, in from_pretrained
    for template in list_repo_templates(
                    ^^^^^^^^^^^^^^^^^^^^
  File "/usr/local/miniconda3/envs/py312/lib/python3.12/site-packages/transformers/utils/hub.py", line 134, in list_repo_templates
    for entry in list_repo_tree(
                 ^^^^^^^^^^^^^^^
  File "/usr/local/miniconda3/envs/py312/lib/python3.12/site-packages/huggingface_hub/hf_api.py", line 3778, in list_repo_tree
    for path_info in paginate(path=tree_url, headers=headers, params={"recursive": recursive, "expand": expand}):
                     ^^^^^^^^^^^^^^^^^^^^^^^^^^^^^^^^^^^^^^^^^^^^^^^^^^^^^^^^^^^^^^^^^^^^^^^^^^^^^^^^^^^^^^^^^^^
  File "/usr/local/miniconda3/envs/py312/lib/python3.12/site-packages/huggingface_hub/utils/_pagination.py", line 35, in paginate
    r = session.get(path, params=params, headers=headers)
        ^^^^^^^^^^^^^^^^^^^^^^^^^^^^^^^^^^^^^^^^^^^^^^^^^
  File "/usr/local/miniconda3/envs/py312/lib/python3.12/site-packages/httpx/_client.py", line 1053, in get
    return self.request(
           ^^^^^^^^^^^^^
  File "/usr/local/miniconda3/envs/py312/lib/python3.12/site-packages/httpx/_client.py", line 825, in request
    return self.send(request, auth=auth, follow_redirects=follow_redirects)
           ^^^^^^^^^^^^^^^^^^^^^^^^^^^^^^^^^^^^^^^^^^^^^^^^^^^^^^^^^^^^^^^^
  File "/usr/local/miniconda3/envs/py312/lib/python3.12/site-packages/httpx/_client.py", line 914, in send
    response = self._send_handling_auth(
               ^^^^^^^^^^^^^^^^^^^^^^^^^
  File "/usr/local/miniconda3/envs/py312/lib/python3.12/site-packages/httpx/_client.py", line 942, in _send_handling_auth
    response = self._send_handling_redirects(
               ^^^^^^^^^^^^^^^^^^^^^^^^^^^^^^
  File "/usr/local/miniconda3/envs/py312/lib/python3.12/site-packages/httpx/_client.py", line 979, in _send_handling_redirects
    response = self._send_single_request(request)
               ^^^^^^^^^^^^^^^^^^^^^^^^^^^^^^^^^^
  File "/usr/local/miniconda3/envs/py312/lib/python3.12/site-packages/httpx/_client.py", line 1014, in _send_single_request
    response = transport.handle_request(request)
               ^^^^^^^^^^^^^^^^^^^^^^^^^^^^^^^^^
  File "/usr/local/miniconda3/envs/py312/lib/python3.12/site-packages/httpx/_transports/default.py", line 249, in handle_request
    with map_httpcore_exceptions():
         ^^^^^^^^^^^^^^^^^^^^^^^^^
  File "/usr/local/miniconda3/envs/py312/lib/python3.12/contextlib.py", line 158, in __exit__
    self.gen.throw(value)
  File "/usr/local/miniconda3/envs/py312/lib/python3.12/site-packages/httpx/_transports/default.py", line 118, in map_httpcore_exceptions
    raise mapped_exc(message) from exc
httpx.ConnectTimeout: [Errno 110] Connection timed out
