
================================================================================
RQ6: SINGLE-LAYER ACTIVATION SCAN - qwen3_4b
================================================================================

loading model qwen3_4b
  → using dtype=float16 (default)
`torch_dtype` is deprecated! Use `dtype` instead!
Loading weights:   0%|          | 0/398 [00:00<?, ?it/s]Loading weights:   0%|          | 1/398 [00:00<05:11,  1.27it/s]Loading weights:  21%|██        | 82/398 [00:00<00:02, 124.01it/s]Loading weights:  32%|███▏      | 126/398 [00:01<00:02, 122.56it/s]Loading weights:  39%|███▉      | 156/398 [00:01<00:01, 139.24it/s]Loading weights:  46%|████▌     | 182/398 [00:01<00:01, 132.21it/s]Loading weights:  51%|█████     | 203/398 [00:01<00:01, 131.79it/s]Loading weights:  56%|█████▌    | 222/398 [00:02<00:01, 111.32it/s]Loading weights:  60%|█████▉    | 237/398 [00:02<00:01, 117.26it/s]Loading weights:  67%|██████▋   | 267/398 [00:02<00:00, 143.87it/s]Loading weights:  73%|███████▎  | 289/398 [00:02<00:00, 159.23it/s]Loading weights:  78%|███████▊  | 311/398 [00:02<00:00, 162.39it/s]Loading weights:  84%|████████▍ | 335/398 [00:02<00:00, 178.68it/s]Loading weights:  89%|████████▉ | 356/398 [00:02<00:00, 186.16it/s]Loading weights:  95%|█████████▍| 378/398 [00:02<00:00, 194.87it/s]Loading weights: 100%|██████████| 398/398 [00:03<00:00, 129.37it/s]
Model has 36 layers

[1/3] Running baseline (all MLPs enabled)...
`trust_remote_code` is not supported anymore.
Please check that the Hugging Face dataset 'togethercomputer/RedPajama-Data-1T-Sample' isn't based on a loading script and remove `trust_remote_code`.
If the dataset is based on a loading script, please ask the dataset author to remove it and convert it to a standard format like Parquet.
Failed to load RedPajama dataset (Dataset 'togethercomputer/RedPajama-Data-1T-Sample' doesn't exist on the Hub or cannot be accessed.), using wikitext instead
Token indices sequence length is longer than the specified maximum sequence length for this model (2518423 > 131072). Running this sequence through the model will result in indexing errors
  Baseline Top1 MA: mean=8643.9, max=11488.0

[2/3] Running all-MLPs-disabled (floor)...
`trust_remote_code` is not supported anymore.
Please check that the Hugging Face dataset 'togethercomputer/RedPajama-Data-1T-Sample' isn't based on a loading script and remove `trust_remote_code`.
If the dataset is based on a loading script, please ask the dataset author to remove it and convert it to a standard format like Parquet.
Failed to load RedPajama dataset (Dataset 'togethercomputer/RedPajama-Data-1T-Sample' doesn't exist on the Hub or cannot be accessed.), using wikitext instead
Warning: You are sending unauthenticated requests to the HF Hub. Please set a HF_TOKEN to enable higher rate limits and faster downloads.
  All-disabled Top1 MA: mean=100.8, max=193.1

[3/3] Single-layer activation scan across 1 layers...
Layer scan:   0%|          | 0/1 [00:00<?, ?it/s]`trust_remote_code` is not supported anymore.
Please check that the Hugging Face dataset 'togethercomputer/RedPajama-Data-1T-Sample' isn't based on a loading script and remove `trust_remote_code`.
If the dataset is based on a loading script, please ask the dataset author to remove it and convert it to a standard format like Parquet.
Failed to load RedPajama dataset (Dataset 'togethercomputer/RedPajama-Data-1T-Sample' doesn't exist on the Hub or cannot be accessed.), using wikitext instead
Layer scan: 100%|██████████| 1/1 [00:50<00:00, 50.62s/it]Layer scan: 100%|██████████| 1/1 [00:50<00:00, 50.62s/it]

================================================================================
SINGLE-LAYER ACTIVATION RESULTS
================================================================================
 Layer |  Top1 (mean) |  Recovery%
----------------------------------------
     0 |        101.9 |       0.0%

>>> Best single layer: L0 recovers 0.0% of MA
>>> VERDICT: Dispersed multi-source generation (no single layer suffices)

Results saved to: /tmp/systemd_rq6exp6/qwen3_4b/qwen3_4b_rq6_results.json
[W422 06:02:40.739992371 AllocatorConfig.cpp:28] Warning: PYTORCH_CUDA_ALLOC_CONF is deprecated, use PYTORCH_ALLOC_CONF instead (function operator())
