
================================================================================
RQ6: SINGLE-LAYER ACTIVATION SCAN - qwen3_0.6b
================================================================================

loading model qwen3_0.6b
  → using dtype=float16 (default)
`torch_dtype` is deprecated! Use `dtype` instead!
Loading weights:   0%|          | 0/311 [00:00<?, ?it/s]Loading weights:  14%|█▍        | 43/311 [00:00<00:00, 424.39it/s]Loading weights:  69%|██████▉   | 215/311 [00:00<00:00, 1176.43it/s]Loading weights: 100%|██████████| 311/311 [00:00<00:00, 1265.14it/s]
Model has 28 layers

[1/3] Running baseline (all MLPs enabled)...
`trust_remote_code` is not supported anymore.
Please check that the Hugging Face dataset 'togethercomputer/RedPajama-Data-1T-Sample' isn't based on a loading script and remove `trust_remote_code`.
If the dataset is based on a loading script, please ask the dataset author to remove it and convert it to a standard format like Parquet.
Failed to load RedPajama dataset (Dataset 'togethercomputer/RedPajama-Data-1T-Sample' doesn't exist on the Hub or cannot be accessed.), using wikitext instead
Token indices sequence length is longer than the specified maximum sequence length for this model (2518423 > 131072). Running this sequence through the model will result in indexing errors
  Baseline Top1 MA: mean=6688.1, max=7496.0

[2/3] Running all-MLPs-disabled (floor)...
`trust_remote_code` is not supported anymore.
Please check that the Hugging Face dataset 'togethercomputer/RedPajama-Data-1T-Sample' isn't based on a loading script and remove `trust_remote_code`.
If the dataset is based on a loading script, please ask the dataset author to remove it and convert it to a standard format like Parquet.
Failed to load RedPajama dataset (Dataset 'togethercomputer/RedPajama-Data-1T-Sample' doesn't exist on the Hub or cannot be accessed.), using wikitext instead
Warning: You are sending unauthenticated requests to the HF Hub. Please set a HF_TOKEN to enable higher rate limits and faster downloads.
  All-disabled Top1 MA: mean=129.8, max=172.5

[3/3] Single-layer activation scan across 1 layers...
Layer scan:   0%|          | 0/1 [00:00<?, ?it/s]`trust_remote_code` is not supported anymore.
Please check that the Hugging Face dataset 'togethercomputer/RedPajama-Data-1T-Sample' isn't based on a loading script and remove `trust_remote_code`.
If the dataset is based on a loading script, please ask the dataset author to remove it and convert it to a standard format like Parquet.
Failed to load RedPajama dataset (Dataset 'togethercomputer/RedPajama-Data-1T-Sample' doesn't exist on the Hub or cannot be accessed.), using wikitext instead
Layer scan: 100%|██████████| 1/1 [00:26<00:00, 26.34s/it]Layer scan: 100%|██████████| 1/1 [00:26<00:00, 26.34s/it]

================================================================================
SINGLE-LAYER ACTIVATION RESULTS
================================================================================
 Layer |  Top1 (mean) |  Recovery%
----------------------------------------
     2 |        920.1 |      12.1%

>>> Best single layer: L2 recovers 12.1% of MA
>>> VERDICT: Dispersed multi-source generation (no single layer suffices)

Results saved to: /tmp/systemd_rq6exp6/qwen3_0.6b/qwen3_0.6b_rq6_results.json
[W422 05:57:41.440506960 AllocatorConfig.cpp:28] Warning: PYTORCH_CUDA_ALLOC_CONF is deprecated, use PYTORCH_ALLOC_CONF instead (function operator())
