
================================================================================
RQ6: SINGLE-LAYER ACTIVATION SCAN - qwen3_1.7b
================================================================================

loading model qwen3_1.7b
  → using dtype=float16 (default)
`torch_dtype` is deprecated! Use `dtype` instead!
Loading weights:   0%|          | 0/311 [00:00<?, ?it/s]Loading weights:   0%|          | 1/311 [00:00<02:50,  1.81it/s]Loading weights:  30%|██▉       | 92/311 [00:00<00:01, 187.14it/s]Loading weights:  46%|████▋     | 144/311 [00:00<00:00, 231.02it/s]Loading weights:  60%|██████    | 187/311 [00:00<00:00, 250.97it/s]Loading weights:  72%|███████▏  | 225/311 [00:01<00:00, 263.28it/s]Loading weights:  86%|████████▌ | 267/311 [00:01<00:00, 299.34it/s]Loading weights:  98%|█████████▊| 305/311 [00:01<00:00, 294.86it/s]Loading weights: 100%|██████████| 311/311 [00:01<00:00, 235.30it/s]
Model has 28 layers

[1/3] Running baseline (all MLPs enabled)...
`trust_remote_code` is not supported anymore.
Please check that the Hugging Face dataset 'togethercomputer/RedPajama-Data-1T-Sample' isn't based on a loading script and remove `trust_remote_code`.
If the dataset is based on a loading script, please ask the dataset author to remove it and convert it to a standard format like Parquet.
Failed to load RedPajama dataset (Dataset 'togethercomputer/RedPajama-Data-1T-Sample' doesn't exist on the Hub or cannot be accessed.), using wikitext instead
Warning: You are sending unauthenticated requests to the HF Hub. Please set a HF_TOKEN to enable higher rate limits and faster downloads.
Token indices sequence length is longer than the specified maximum sequence length for this model (2518423 > 131072). Running this sequence through the model will result in indexing errors
  Baseline Top1 MA: mean=12705.9, max=13672.0

[2/3] Running all-MLPs-disabled (floor)...
`trust_remote_code` is not supported anymore.
Please check that the Hugging Face dataset 'togethercomputer/RedPajama-Data-1T-Sample' isn't based on a loading script and remove `trust_remote_code`.
If the dataset is based on a loading script, please ask the dataset author to remove it and convert it to a standard format like Parquet.
Failed to load RedPajama dataset (Dataset 'togethercomputer/RedPajama-Data-1T-Sample' doesn't exist on the Hub or cannot be accessed.), using wikitext instead
  All-disabled Top1 MA: mean=551.2, max=894.5

[3/3] Single-layer activation scan across 1 layers...
Layer scan:   0%|          | 0/1 [00:00<?, ?it/s]`trust_remote_code` is not supported anymore.
Please check that the Hugging Face dataset 'togethercomputer/RedPajama-Data-1T-Sample' isn't based on a loading script and remove `trust_remote_code`.
If the dataset is based on a loading script, please ask the dataset author to remove it and convert it to a standard format like Parquet.
Failed to load RedPajama dataset (Dataset 'togethercomputer/RedPajama-Data-1T-Sample' doesn't exist on the Hub or cannot be accessed.), using wikitext instead
Layer scan: 100%|██████████| 1/1 [00:32<00:00, 32.86s/it]Layer scan: 100%|██████████| 1/1 [00:32<00:00, 32.86s/it]

================================================================================
SINGLE-LAYER ACTIVATION RESULTS
================================================================================
 Layer |  Top1 (mean) |  Recovery%
----------------------------------------
     0 |        614.5 |       0.5%

>>> Best single layer: L0 recovers 0.5% of MA
>>> VERDICT: Dispersed multi-source generation (no single layer suffices)

Results saved to: /tmp/systemd_rq6exp6/qwen3_1.7b/qwen3_1.7b_rq6_results.json
[W422 05:59:43.575913183 AllocatorConfig.cpp:28] Warning: PYTORCH_CUDA_ALLOC_CONF is deprecated, use PYTORCH_ALLOC_CONF instead (function operator())
